../Core/Src/main.c:63:6:HAL_UART_RxCpltCallback	16	static
../Core/Src/main.c:71:6:min_tx_start	16	static
../Core/Src/main.c:75:6:min_tx_finished	16	static
../Core/Src/main.c:79:6:min_tx_byte	16	static
../Core/Src/main.c:84:10:min_tx_space	16	static
../Core/Src/main.c:88:10:min_time_ms	4	static
../Core/Src/main.c:92:6:min_application_handler	16	static
../Core/Src/main.c:103:5:main	16	static
../Core/Src/main.c:158:6:SystemClock_Config	72	static
../Core/Src/main.c:197:13:MX_USART1_UART_Init	8	static
../Core/Src/main.c:230:13:MX_GPIO_Init	40	static
../Core/Src/main.c:263:6:Error_Handler	4	static,ignoring_inline_asm
